  Determining projects to restore...
  All projects are up-to-date for restore.
  MythApi -> /home/runner/work/mythapi-demo/mythapi-demo/src/bin/Debug/net8.0/MythApi.dll
  UnitTests -> /home/runner/work/mythapi-demo/mythapi-demo/tests/UnitTests/bin/Debug/net8.0/UnitTests.dll
  IntegrationTests -> /home/runner/work/mythapi-demo/mythapi-demo/tests/IntegrationTests/bin/Debug/net8.0/IntegrationTests.dll
Test run for /home/runner/work/mythapi-demo/mythapi-demo/tests/UnitTests/bin/Debug/net8.0/UnitTests.dll (.NETCoreApp,Version=v8.0)
Test run for /home/runner/work/mythapi-demo/mythapi-demo/tests/IntegrationTests/bin/Debug/net8.0/IntegrationTests.dll (.NETCoreApp,Version=v8.0)
VSTest version 18.0.1 (x64)

VSTest version 18.0.1 (x64)

Starting test execution, please wait...
A total of 1 test files matched the specified pattern.
Starting test execution, please wait...
A total of 1 test files matched the specified pattern.

Passed!  - Failed:     0, Passed:     9, Skipped:     0, Total:     9, Duration: 163 ms - UnitTests.dll (net8.0)
Database initialized with Norse and Greek mythologies

Database initialized with Norse and Greek mythologies

Database initialized with Norse and Greek mythologies

Database initialized with Norse and Greek mythologies

Database initialized with Norse and Greek mythologies

Database initialized with Norse and Greek mythologies

Database initialized with Norse and Greek mythologies

Database initialized with Norse and Greek mythologies

Database initialized with Norse and Greek mythologies

Database initialized with Norse and Greek mythologies

Database initialized with Norse and Greek mythologies

Database initialized with Norse and Greek mythologies

Database initialized with Norse and Greek mythologies


Passed!  - Failed:     0, Passed:    13, Skipped:     0, Total:    13, Duration: 2 s - IntegrationTests.dll (net8.0)
